export EDITOR
export VISUAL

EDITOR=fake-editor
VISUAL=
adr new created with EDITOR environment variable set
EDITOR doc/adr/001-created-with-editor-environment-variable-set.md
doc/adr/001-created-with-editor-environment-variable-set.md

EDITOR=
VISUAL=fake-visual
adr new created with VISUAL environment variable set
VISUAL doc/adr/002-created-with-visual-environment-variable-set.md
doc/adr/002-created-with-visual-environment-variable-set.md

EDITOR=fake-editor
VISUAL=fake-visual
adr new uses setting of VISUAL if both VISUAL and EDITOR are set
VISUAL doc/adr/003-uses-setting-of-visual-if-both-visual-and-editor-are-set.md
doc/adr/003-uses-setting-of-visual-if-both-visual-and-editor-are-set.md
