adr new Something About Node.JS
doc/adr/001-something-about-node-js.md
adr new Slash/Slash/Slash/
doc/adr/002-slash-slash-slash.md
adr new -- "-Bar-"
doc/adr/003-bar.md
ls doc/adr
001-something-about-node-js.md
002-slash-slash-slash.md
003-bar.md
