adr new First Decision
doc/adr/001-first-decision.md
adr new Second Decision
doc/adr/002-second-decision.md
adr new Third Decision
doc/adr/003-third-decision.md
cat > intro.md <<EOF
An intro.

Multiple paragraphs.
EOF
cat > outro.md <<EOF
An outro.
EOF
adr generate toc -i intro.md -o outro.md
# Architecture Decision Records

An intro.

Multiple paragraphs.

* [1. First Decision](001-first-decision.md)
* [2. Second Decision](002-second-decision.md)
* [3. Third Decision](003-third-decision.md)

An outro.
