adr init
doc/adr/001-record-architecture-decisions.md
adr new An idea that seems good at the time
doc/adr/002-an-idea-that-seems-good-at-the-time.md
adr new -s 2 A better idea
doc/adr/003-a-better-idea.md
adr new This will work
doc/adr/004-this-will-work.md
adr new -s 3 The end
doc/adr/005-the-end.md
# with default root and extension in links
adr generate graph
digraph {
  node [shape=plaintext];
  subgraph {
    _1 [label="1. ADRを使用する"; URL="001-record-architecture-decisions.html"];
    _2 [label="2. An idea that seems good at the time"; URL="002-an-idea-that-seems-good-at-the-time.html"];
    _1 -> _2 [style="dotted", weight=1];
    _3 [label="3. A better idea"; URL="003-a-better-idea.html"];
    _2 -> _3 [style="dotted", weight=1];
    _4 [label="4. This will work"; URL="004-this-will-work.html"];
    _3 -> _4 [style="dotted", weight=1];
    _5 [label="5. The end"; URL="005-the-end.html"];
    _4 -> _5 [style="dotted", weight=1];
  }
  _3 -> _2 [label="廃止", weight=0]
  _5 -> _3 [label="廃止", weight=0]
}
# with specified root and extension in links
adr generate graph -p http://example.com/ -e .xxx
digraph {
  node [shape=plaintext];
  subgraph {
    _1 [label="1. ADRを使用する"; URL="http://example.com/001-record-architecture-decisions.xxx"];
    _2 [label="2. An idea that seems good at the time"; URL="http://example.com/002-an-idea-that-seems-good-at-the-time.xxx"];
    _1 -> _2 [style="dotted", weight=1];
    _3 [label="3. A better idea"; URL="http://example.com/003-a-better-idea.xxx"];
    _2 -> _3 [style="dotted", weight=1];
    _4 [label="4. This will work"; URL="http://example.com/004-this-will-work.xxx"];
    _3 -> _4 [style="dotted", weight=1];
    _5 [label="5. The end"; URL="http://example.com/005-the-end.xxx"];
    _4 -> _5 [style="dotted", weight=1];
  }
  _3 -> _2 [label="廃止", weight=0]
  _5 -> _3 [label="廃止", weight=0]
}
