adr new First Record
doc/adr/001-first-record.md
mkdir subdir
cd subdir
adr new Second Record
../doc/adr/002-second-record.md
adr list
../doc/adr/001-first-record.md
../doc/adr/002-second-record.md
cd ..
adr list
doc/adr/001-first-record.md
doc/adr/002-second-record.md
